// Jest Snapshot v1, https://goo.gl/fbAQLP

exports[`should render header correctly 1`] = `
<header>
  <h1>
    expensify
  </h1>
  <NavLink
    activeClassName="is-active"
    exact={true}
    to="/"
  >
    Home page
  </NavLink>
  <NavLink
    activeClassName="is-active"
    to="/create"
  >
     expense page
  </NavLink>
  <NavLink
    activeClassName="is-active"
    to="/edit"
  >
    Edit page
  </NavLink>
  <NavLink
    activeClassName="is-active"
    to="/help"
  >
    Help page
  </NavLink>
</header>
`;
