// Jest Snapshot v1, https://goo.gl/fbAQLP

exports[`should render Not found page 1`] = `
<div>
  404- 
  <Link
    to="/"
  >
    go to home
  </Link>
</div>
`;
